// Jest Snapshot v1, https://goo.gl/fbAQLP

exports[`AddTransactionComponent Component should render the component 1`] = `
ShallowWrapper {
  "length": 1,
  Symbol(enzyme.__root__): [Circular],
  Symbol(enzyme.__unrendered__): <AddTransactionComponent
    actions={
        Object {
            "addTransactionItem": [Function],
          }
    }
/>,
  Symbol(enzyme.__renderer__): Object {
    "batchedUpdates": [Function],
    "getNode": [Function],
    "render": [Function],
    "simulateEvent": [Function],
    "unmount": [Function],
  },
  Symbol(enzyme.__node__): Object {
    "instance": null,
    "key": undefined,
    "nodeType": "host",
    "props": Object {
      "children": <form
        onSubmit={undefined}
>
        <input
                name="description"
                onChange={undefined}
                placeholder="Description.."
                type="text"
                value={undefined}
        />
        <input
                name="date"
                onChange={undefined}
                type="date"
                value={undefined}
        />
        <input
                min="0"
                name="amount"
                onChange={undefined}
                placeholder="Amount.."
                type="number"
                value={undefined}
        />
        <button
                type="submit"
        >
                Add
        </button>
</form>,
      "id": undefined,
    },
    "ref": null,
    "rendered": Object {
      "instance": null,
      "key": undefined,
      "nodeType": "host",
      "props": Object {
        "children": Array [
          <input
            name="description"
            onChange={undefined}
            placeholder="Description.."
            type="text"
            value={undefined}
/>,
          <input
            name="date"
            onChange={undefined}
            type="date"
            value={undefined}
/>,
          <input
            min="0"
            name="amount"
            onChange={undefined}
            placeholder="Amount.."
            type="number"
            value={undefined}
/>,
          <button
            type="submit"
>
            Add
</button>,
        ],
        "onSubmit": undefined,
      },
      "ref": null,
      "rendered": Array [
        Object {
          "instance": null,
          "key": undefined,
          "nodeType": "host",
          "props": Object {
            "name": "description",
            "onChange": undefined,
            "placeholder": "Description..",
            "type": "text",
            "value": undefined,
          },
          "ref": null,
          "rendered": null,
          "type": "input",
        },
        Object {
          "instance": null,
          "key": undefined,
          "nodeType": "host",
          "props": Object {
            "name": "date",
            "onChange": undefined,
            "type": "date",
            "value": undefined,
          },
          "ref": null,
          "rendered": null,
          "type": "input",
        },
        Object {
          "instance": null,
          "key": undefined,
          "nodeType": "host",
          "props": Object {
            "min": "0",
            "name": "amount",
            "onChange": undefined,
            "placeholder": "Amount..",
            "type": "number",
            "value": undefined,
          },
          "ref": null,
          "rendered": null,
          "type": "input",
        },
        Object {
          "instance": null,
          "key": undefined,
          "nodeType": "host",
          "props": Object {
            "children": "Add",
            "type": "submit",
          },
          "ref": null,
          "rendered": "Add",
          "type": "button",
        },
      ],
      "type": "form",
    },
    "type": "div",
  },
  Symbol(enzyme.__nodes__): Array [
    Object {
      "instance": null,
      "key": undefined,
      "nodeType": "host",
      "props": Object {
        "children": <form
          onSubmit={undefined}
>
          <input
                    name="description"
                    onChange={undefined}
                    placeholder="Description.."
                    type="text"
                    value={undefined}
          />
          <input
                    name="date"
                    onChange={undefined}
                    type="date"
                    value={undefined}
          />
          <input
                    min="0"
                    name="amount"
                    onChange={undefined}
                    placeholder="Amount.."
                    type="number"
                    value={undefined}
          />
          <button
                    type="submit"
          >
                    Add
          </button>
</form>,
        "id": undefined,
      },
      "ref": null,
      "rendered": Object {
        "instance": null,
        "key": undefined,
        "nodeType": "host",
        "props": Object {
          "children": Array [
            <input
              name="description"
              onChange={undefined}
              placeholder="Description.."
              type="text"
              value={undefined}
/>,
            <input
              name="date"
              onChange={undefined}
              type="date"
              value={undefined}
/>,
            <input
              min="0"
              name="amount"
              onChange={undefined}
              placeholder="Amount.."
              type="number"
              value={undefined}
/>,
            <button
              type="submit"
>
              Add
</button>,
          ],
          "onSubmit": undefined,
        },
        "ref": null,
        "rendered": Array [
          Object {
            "instance": null,
            "key": undefined,
            "nodeType": "host",
            "props": Object {
              "name": "description",
              "onChange": undefined,
              "placeholder": "Description..",
              "type": "text",
              "value": undefined,
            },
            "ref": null,
            "rendered": null,
            "type": "input",
          },
          Object {
            "instance": null,
            "key": undefined,
            "nodeType": "host",
            "props": Object {
              "name": "date",
              "onChange": undefined,
              "type": "date",
              "value": undefined,
            },
            "ref": null,
            "rendered": null,
            "type": "input",
          },
          Object {
            "instance": null,
            "key": undefined,
            "nodeType": "host",
            "props": Object {
              "min": "0",
              "name": "amount",
              "onChange": undefined,
              "placeholder": "Amount..",
              "type": "number",
              "value": undefined,
            },
            "ref": null,
            "rendered": null,
            "type": "input",
          },
          Object {
            "instance": null,
            "key": undefined,
            "nodeType": "host",
            "props": Object {
              "children": "Add",
              "type": "submit",
            },
            "ref": null,
            "rendered": "Add",
            "type": "button",
          },
        ],
        "type": "form",
      },
      "type": "div",
    },
  ],
  Symbol(enzyme.__options__): Object {
    "adapter": ReactSixteenAdapter {
      "options": Object {
        "enableComponentDidUpdateOnSetState": true,
      },
    },
  },
}
`;

exports[`AddTransactionComponent Component when the tweetBody in state has a value should call addTransactionItem on form submit 1`] = `
ShallowWrapper {
  "length": 1,
  Symbol(enzyme.__root__): [Circular],
  Symbol(enzyme.__unrendered__): <AddTransactionComponent
    actions={
        Object {
            "addTransactionItem": [Function],
          }
    }
/>,
  Symbol(enzyme.__renderer__): Object {
    "batchedUpdates": [Function],
    "getNode": [Function],
    "render": [Function],
    "simulateEvent": [Function],
    "unmount": [Function],
  },
  Symbol(enzyme.__node__): Object {
    "instance": null,
    "key": undefined,
    "nodeType": "host",
    "props": Object {
      "children": <form
        onSubmit={undefined}
>
        <input
                name="description"
                onChange={undefined}
                placeholder="Description.."
                type="text"
                value={undefined}
        />
        <input
                name="date"
                onChange={undefined}
                type="date"
                value={undefined}
        />
        <input
                min="0"
                name="amount"
                onChange={undefined}
                placeholder="Amount.."
                type="number"
                value={undefined}
        />
        <button
                type="submit"
        >
                Add
        </button>
</form>,
      "id": undefined,
    },
    "ref": null,
    "rendered": Object {
      "instance": null,
      "key": undefined,
      "nodeType": "host",
      "props": Object {
        "children": Array [
          <input
            name="description"
            onChange={undefined}
            placeholder="Description.."
            type="text"
            value={undefined}
/>,
          <input
            name="date"
            onChange={undefined}
            type="date"
            value={undefined}
/>,
          <input
            min="0"
            name="amount"
            onChange={undefined}
            placeholder="Amount.."
            type="number"
            value={undefined}
/>,
          <button
            type="submit"
>
            Add
</button>,
        ],
        "onSubmit": undefined,
      },
      "ref": null,
      "rendered": Array [
        Object {
          "instance": null,
          "key": undefined,
          "nodeType": "host",
          "props": Object {
            "name": "description",
            "onChange": undefined,
            "placeholder": "Description..",
            "type": "text",
            "value": undefined,
          },
          "ref": null,
          "rendered": null,
          "type": "input",
        },
        Object {
          "instance": null,
          "key": undefined,
          "nodeType": "host",
          "props": Object {
            "name": "date",
            "onChange": undefined,
            "type": "date",
            "value": undefined,
          },
          "ref": null,
          "rendered": null,
          "type": "input",
        },
        Object {
          "instance": null,
          "key": undefined,
          "nodeType": "host",
          "props": Object {
            "min": "0",
            "name": "amount",
            "onChange": undefined,
            "placeholder": "Amount..",
            "type": "number",
            "value": undefined,
          },
          "ref": null,
          "rendered": null,
          "type": "input",
        },
        Object {
          "instance": null,
          "key": undefined,
          "nodeType": "host",
          "props": Object {
            "children": "Add",
            "type": "submit",
          },
          "ref": null,
          "rendered": "Add",
          "type": "button",
        },
      ],
      "type": "form",
    },
    "type": "div",
  },
  Symbol(enzyme.__nodes__): Array [
    Object {
      "instance": null,
      "key": undefined,
      "nodeType": "host",
      "props": Object {
        "children": <form
          onSubmit={undefined}
>
          <input
                    name="description"
                    onChange={undefined}
                    placeholder="Description.."
                    type="text"
                    value={undefined}
          />
          <input
                    name="date"
                    onChange={undefined}
                    type="date"
                    value={undefined}
          />
          <input
                    min="0"
                    name="amount"
                    onChange={undefined}
                    placeholder="Amount.."
                    type="number"
                    value={undefined}
          />
          <button
                    type="submit"
          >
                    Add
          </button>
</form>,
        "id": undefined,
      },
      "ref": null,
      "rendered": Object {
        "instance": null,
        "key": undefined,
        "nodeType": "host",
        "props": Object {
          "children": Array [
            <input
              name="description"
              onChange={undefined}
              placeholder="Description.."
              type="text"
              value={undefined}
/>,
            <input
              name="date"
              onChange={undefined}
              type="date"
              value={undefined}
/>,
            <input
              min="0"
              name="amount"
              onChange={undefined}
              placeholder="Amount.."
              type="number"
              value={undefined}
/>,
            <button
              type="submit"
>
              Add
</button>,
          ],
          "onSubmit": undefined,
        },
        "ref": null,
        "rendered": Array [
          Object {
            "instance": null,
            "key": undefined,
            "nodeType": "host",
            "props": Object {
              "name": "description",
              "onChange": undefined,
              "placeholder": "Description..",
              "type": "text",
              "value": undefined,
            },
            "ref": null,
            "rendered": null,
            "type": "input",
          },
          Object {
            "instance": null,
            "key": undefined,
            "nodeType": "host",
            "props": Object {
              "name": "date",
              "onChange": undefined,
              "type": "date",
              "value": undefined,
            },
            "ref": null,
            "rendered": null,
            "type": "input",
          },
          Object {
            "instance": null,
            "key": undefined,
            "nodeType": "host",
            "props": Object {
              "min": "0",
              "name": "amount",
              "onChange": undefined,
              "placeholder": "Amount..",
              "type": "number",
              "value": undefined,
            },
            "ref": null,
            "rendered": null,
            "type": "input",
          },
          Object {
            "instance": null,
            "key": undefined,
            "nodeType": "host",
            "props": Object {
              "children": "Add",
              "type": "submit",
            },
            "ref": null,
            "rendered": "Add",
            "type": "button",
          },
        ],
        "type": "form",
      },
      "type": "div",
    },
  ],
  Symbol(enzyme.__options__): Object {
    "adapter": ReactSixteenAdapter {
      "options": Object {
        "enableComponentDidUpdateOnSetState": true,
      },
    },
  },
}
`;
